<html>
<body>
<pre>
<h1>礦ision Build Log</h1>
<h2>Tool Versions:</h2>
IDE-Version: μVision V5.25.3.0
Copyright (C) 2018 ARM Ltd and ARM Germany GmbH. All rights reserved.
License Information: 六 刘, a, LIC=KRMW3-ASH9Y-30FNC-7PJC3-43UT8-DFMFD
 
Tool Versions:
Toolchain:       MDK-ARM Plus  Version: 5.14.0.0
Toolchain Path:  E:\Keil\ARM\ARMCC\Bin
C Compiler:      Armcc.exe V5.05 update 1 (build 106)
Assembler:       Armasm.exe V5.05 update 1 (build 106)
Linker/Locator:  ArmLink.exe V5.05 update 1 (build 106)
Library Manager: ArmAr.exe V5.05 update 1 (build 106)
Hex Converter:   FromElf.exe V5.05 update 1 (build 106)
CPU DLL:         SARMCM3.DLL V5.14.0.0
Dialog DLL:      DCM.DLL V1.13.1.0
Target DLL:      STLink\ST-LINKIII-KEIL_SWO.dll V2.0.14.0_KEIL
Dialog DLL:      TCM.DLL V1.14.4.0
 
<h2>Project:</h2>
e:\探索者F4 资料盘(A盘)\4，程序源码\IOT\IOT\IOT\USER\Template.uvprojx
Project File Date:  05/11/2023

<h2>Output:</h2>
*** Using Compiler 'V5.05 update 1 (build 106)', folder: 'E:\Keil\ARM\ARMCC\Bin'
Build target 'Template'
compiling sensor.c...
sensor.c(263): warning:  #1035-D: single-precision operand implicitly converted to double-precision
  	ppm = (Voltage - 0.5) / 0.1 * 200;
sensor.c(279): warning:  #1035-D: single-precision operand implicitly converted to double-precision
  	mq2_voltage = adc_voltage * 5 / 3.3;
sensor.c(281): warning:  #1035-D: single-precision operand implicitly converted to double-precision
  	mq2_ppm = (mq2_voltage - 0.4) * 10000 / 3.6;
sensor.c: 3 warnings, 0 errors
linking...
Program Size: Code=38068 RO-data=6600 RW-data=92 ZI-data=2124  
FromELF: creating hex file...
"..\OBJ\Template.axf" - 0 Error(s), 3 Warning(s).

<h2>Software Packages used:</h2>

Package Vendor: Keil
                http://www.keil.com/pack/Keil.STM32F4xx_DFP.1.0.8.pack
                Keil.STM32F4xx_DFP.1.0.8
                STMicroelectronics STM32F4 Series Device Support, Drivers and Examples

<h2>Collection of Component include folders:</h2>
  .\RTE\_Template
  E:\Keil\ARM\PACK\Keil\STM32F4xx_DFP\1.0.8\Device\Include

<h2>Collection of Component Files used:</h2>
Build Time Elapsed:  00:00:01
</pre>
</body>
</html>
